# Ensure build layout
# Check configuration tokens
# Preparing build
# Check requirements for android
# Install platform
# Run 'git config --get remote.origin.url' ...
# Cwd /data/data/com.termux/files/home/overlord/.buildozer/android/platform/python-for-android
https://github.com/kivy/python-for-android.git
# Run 'git branch -vv' ...
# Cwd /data/data/com.termux/files/home/overlord/.buildozer/android/platform/python-for-android
* master 58d21141 [origin/master] Merge pull request #3321 from kivy/release-2026.05.09
# Run '/data/data/com.termux/files/usr/bin/python3.14 -m pip install -q --user appdirs colorama>=0.3.3 jinja2 sh>=2, <3.0; sys_platform!="win32" meson ninja build toml packaging setuptools wheel~=0.43.0' ...
# Cwd None
# Apache ANT found at /data/data/com.termux/files/home/.buildozer/android/platform/apache-ant-1.9.4
# Android SDK found at /data/data/com.termux/files/home/.buildozer/android/platform/android-sdk
# Recommended android's NDK version by p4a is: 28c
# Android NDK found at /data/data/com.termux/files/home/.buildozer/android/platform/android-ndk-r28c
# Run '/data/data/com.termux/files/usr/bin/python3.14 -m pythonforandroid.toolchain aab -h --color=always --storage-dir=/data/data/com.termux/files/home/overlord/.buildozer/android/platform/build-arm64-v8a_armeabi-v7a --ndk-api=24 --ignore-setup-py --debug' ...
# Cwd /data/data/com.termux/files/home/overlord/.buildozer/android/platform/python-for-android
# Check application requirements
# Compile platform
# Run '/data/data/com.termux/files/usr/bin/python3.14 -m pythonforandroid.toolchain create --dist_name=myapp --bootstrap=sdl2 --requirements=python3,kivy --arch=arm64-v8a --arch=armeabi-v7a --copy-libs --color=always --storage-dir=/data/data/com.termux/files/home/overlord/.buildozer/android/platform/build-arm64-v8a_armeabi-v7a --ndk-api=24 --ignore-setup-py --debug' ...
# Cwd /data/data/com.termux/files/home/overlord/.buildozer/android/platform/python-for-android
[WARNING]: prerequisites.py is experimental and does not support all prerequisites yet.
[WARNING]: Please report any issues to the python-for-android issue tracker.
[WARNING]: prerequisites.py is experimental and does not support all prerequisites yet.
[WARNING]: Please report any issues to the python-for-android issue tracker.
[1m[INFO][0m:    Will compile for the following archs: arm64-v8a, armeabi-v7a
[1m[INFO][0m:    Found Android API target in $ANDROIDAPI: 33
[1m[INFO][0m:    Available Android APIs are (33)
[1m[INFO][0m:    Requested API target 33 is available, continuing.
[1m[INFO][0m:    Found NDK dir in $ANDROIDNDK: /data/data/com.termux/files/home/.buildozer/android/platform/android-ndk-r28c
[1m[INFO][0m:    Found NDK version 28c
[1m[31m[WARNING][39m[0m: Maximum recommended NDK version is 28c, but newer versions may work.
[1m[31m[WARNING][39m[0m: Newer NDKs may not be fully supported by p4a.
[1m[INFO][0m:    Getting NDK API version (i.e. minimum supported API) from user argument
[1m[INFO][0m:    ccache is missing, the build will not be optimized in the future.
[1m[90m[DEBUG][39m[0m:   All possible dists: []
[1m[90m[DEBUG][39m[0m:   Dist matching name and arch: []
[1m[90m[DEBUG][39m[0m:   Dist matching ndk_api and recipe: []
[1m[INFO][0m:    No existing dists meet the given requirements!
[1m[90m[DEBUG][39m[0m:   Remove directory and subdirectory /data/data/com.termux/files/home/overlord/.buildozer/android/platform/build-arm64-v8a_armeabi-v7a/dists/myapp
[1m[INFO][0m:    [1m[94mNo dist exists that meets your requirements, so one will be built.[0m
[1m[INFO][0m:    Found a single valid recipe set: ['hostpython3', 'libffi', 'openssl', 'sdl2_image', 'sdl2_mixer', 'sdl2_ttf', 'six', 'sqlite3', 'python3', 'sdl2', 'pyjnius', 'setuptools', 'android', 'kivy']
[1m[INFO][0m:    The selected bootstrap is sdl2
[1m[INFO][0m:    [1m[32m# Creating dist with sdl2 bootstrap[0m[39m
[1m[INFO][0m:    [1m[94mDist will have name myapp and requirements (python3, kivy)[0m
[1m[INFO][0m:    Dist contains the following requirements as recipes: ['hostpython3', 'libffi', 'openssl', 'sdl2_image', 'sdl2_mixer', 'sdl2_ttf', 'sqlite3', 'python3', 'sdl2', 'pyjnius', 'setuptools', 'android', 'kivy']
[1m[INFO][0m:    Dist will also contain modules (six, urllib3, requests, certifi, idna, filetype, chardet) installed from pip
[1m[INFO][0m:    Dist will be build in mode debug
[1m[INFO][0m:    [36m-> directory context /data/data/com.termux/files/home/overlord/.buildozer/android/platform/build-arm64-v8a_armeabi-v7a/build/bootstrap_builds/sdl2[39m
[1m[INFO][0m:    [36m<- directory context /data/data/com.termux/files/home/overlord/.buildozer/android/platform/python-for-android[39m
[1m[90m[DEBUG][39m[0m:   Create directory /data/data/com.termux/files/home/overlord/.buildozer/android/platform/build-arm64-v8a_armeabi-v7a/dists/myapp
[1m[INFO][0m:    [1m[94mRecipe build order is ['hostpython3', 'libffi', 'openssl', 'sdl2_image', 'sdl2_mixer', 'sdl2_ttf', 'sqlite3', 'python3', 'sdl2', 'pyjnius', 'setuptools', 'android', 'kivy'][0m
[1m[INFO][0m:    [1m[94mThe requirements (certifi, chardet, filetype, idna, requests, six, urllib3) were not found as recipes, they will be installed with pip.[0m
[1m[INFO][0m:    [1m[32m# Downloading recipes [0m[39m
[1m[INFO][0m:    [1m[32mDownloading hostpython3[0m[39m
[1m[INFO][0m:    [36m-> directory context /data/data/com.termux/files/home/overlord/.buildozer/android/platform/build-arm64-v8a_armeabi-v7a/packages/hostpython3[39m
[1m[90m[DEBUG][39m[0m:   [90m->[0m running basename https://github.com/python/cpython/archive/refs/tags/v3.14.2.tar.gz[0m
[1m[90m[DEBUG][39m[0m:   	v3.14.2.tar.gz
[1m[INFO][0m:    hostpython3 download already cached, skipping
[1m[INFO][0m:    [36m<- directory context /data/data/com.termux/files/home/overlord/.buildozer/android/platform/python-for-android[39m
[1m[INFO][0m:    [1m[32mDownloading libffi[0m[39m
[1m[INFO][0m:    [36m-> directory context /data/data/com.termux/files/home/overlord/.buildozer/android/platform/build-arm64-v8a_armeabi-v7a/packages/libffi[39m
[1m[90m[DEBUG][39m[0m:   [90m->[0m running basename https://github.com/libffi/libffi/archive/v3.4.2.tar.gz[0m
[1m[90m[DEBUG][39m[0m:   	v3.4.2.tar.gz
[1m[INFO][0m:    libffi download already cached, skipping
[1m[INFO][0m:    [36m<- directory context /data/data/com.termux/files/home/overlord/.buildozer/android/platform/python-for-android[39m
[1m[INFO][0m:    [1m[32mDownloading openssl[0m[39m
[1m[INFO][0m:    [36m-> directory context /data/data/com.termux/files/home/overlord/.buildozer/android/platform/build-arm64-v8a_armeabi-v7a/packages/openssl[39m
[1m[90m[DEBUG][39m[0m:   [90m->[0m running basename https://www.openssl.org/source/openssl-3.3.1.tar.gz[0m
[1m[90m[DEBUG][39m[0m:   	openssl-3.3.1.tar.gz
[1m[INFO][0m:    openssl download already cached, skipping
[1m[INFO][0m:    [36m<- directory context /data/data/com.termux/files/home/overlord/.buildozer/android/platform/python-for-android[39m
[1m[INFO][0m:    [1m[32mDownloading sdl2_image[0m[39m
[1m[INFO][0m:    [36m-> directory context /data/data/com.termux/files/home/overlord/.buildozer/android/platform/build-arm64-v8a_armeabi-v7a/packages/sdl2_image[39m
[1m[90m[DEBUG][39m[0m:   [90m->[0m running basename https://github.com/libsdl-org/SDL_image/releases/download/release-2.8.2/SDL2_image-2.8.2.tar.gz[0m
[1m[90m[DEBUG][39m[0m:   	SDL2_image-2.8.2.tar.gz
[1m[INFO][0m:    sdl2_image download already cached, skipping
[1m[INFO][0m:    [36m<- directory context /data/data/com.termux/files/home/overlord/.buildozer/android/platform/python-for-android[39m
[1m[INFO][0m:    [1m[32mDownloading sdl2_mixer[0m[39m
[1m[INFO][0m:    [36m-> directory context /data/data/com.termux/files/home/overlord/.buildozer/android/platform/build-arm64-v8a_armeabi-v7a/packages/sdl2_mixer[39m
[1m[90m[DEBUG][39m[0m:   [90m->[0m running basename https://github.com/libsdl-org/SDL_mixer/releases/download/release-2.6.3/SDL2_mixer-2.6.3.tar.gz[0m
[1m[90m[DEBUG][39m[0m:   	SDL2_mixer-2.6.3.tar.gz
[1m[INFO][0m:    sdl2_mixer download already cached, skipping
[1m[INFO][0m:    [36m<- directory context /data/data/com.termux/files/home/overlord/.buildozer/android/platform/python-for-android[39m
[1m[INFO][0m:    [1m[32mDownloading sdl2_ttf[0m[39m
[1m[INFO][0m:    [36m-> directory context /data/data/com.termux/files/home/overlord/.buildozer/android/platform/build-arm64-v8a_armeabi-v7a/packages/sdl2_ttf[39m
[1m[90m[DEBUG][39m[0m:   [90m->[0m running basename https://github.com/libsdl-org/SDL_ttf/releases/download/release-2.22.0/SDL2_ttf-2.22.0.tar.gz[0m
[1m[90m[DEBUG][39m[0m:   	SDL2_ttf-2.22.0.tar.gz
[1m[INFO][0m:    sdl2_ttf download already cached, skipping
[1m[INFO][0m:    [36m<- directory context /data/data/com.termux/files/home/overlord/.buildozer/android/platform/python-for-android[39m
[1m[INFO][0m:    [1m[32mDownloading sqlite3[0m[39m
[1m[INFO][0m:    [36m-> directory context /data/data/com.termux/files/home/overlord/.buildozer/android/platform/build-arm64-v8a_armeabi-v7a/packages/sqlite3[39m
[1m[90m[DEBUG][39m[0m:   [90m->[0m running basename https://github.com/sqlite/sqlite/archive/refs/tags/version-3.50.4.tar.gz[0m
[1m[90m[DEBUG][39m[0m:   	version-3.50.4.tar.gz
[1m[INFO][0m:    sqlite3 download already cached, skipping
[1m[INFO][0m:    [36m<- directory context /data/data/com.termux/files/home/overlord/.buildozer/android/platform/python-for-android[39m
[1m[INFO][0m:    [1m[32mDownloading python3[0m[39m
[1m[INFO][0m:    [36m-> directory context /data/data/com.termux/files/home/overlord/.buildozer/android/platform/build-arm64-v8a_armeabi-v7a/packages/python3[39m
[1m[90m[DEBUG][39m[0m:   [90m->[0m running basename https://github.com/python/cpython/archive/refs/tags/v3.14.2.tar.gz[0m
[1m[90m[DEBUG][39m[0m:   	v3.14.2.tar.gz
[1m[INFO][0m:    python3 download already cached, skipping
[1m[INFO][0m:    [36m<- directory context /data/data/com.termux/files/home/overlord/.buildozer/android/platform/python-for-android[39m
[1m[INFO][0m:    [1m[32mDownloading sdl2[0m[39m
[1m[INFO][0m:    [36m-> directory context /data/data/com.termux/files/home/overlord/.buildozer/android/platform/build-arm64-v8a_armeabi-v7a/packages/sdl2[39m
[1m[90m[DEBUG][39m[0m:   [90m->[0m running basename https://github.com/libsdl-org/SDL/releases/download/release-2.30.11/SDL2-2.30.11.tar.gz[0m
[1m[90m[DEBUG][39m[0m:   	SDL2-2.30.11.tar.gz
[1m[INFO][0m:    sdl2 download already cached, skipping
[1m[INFO][0m:    [36m<- directory context /data/data/com.termux/files/home/overlord/.buildozer/android/platform/python-for-android[39m
[1m[INFO][0m:    [1m[32mDownloading pyjnius[0m[39m
[1m[INFO][0m:    [36m-> directory context /data/data/com.termux/files/home/overlord/.buildozer/android/platform/build-arm64-v8a_armeabi-v7a/packages/pyjnius[39m
[1m[90m[DEBUG][39m[0m:   [90m->[0m running basename https://github.com/kivy/pyjnius/archive/1.7.0.zip[0m
[1m[90m[DEBUG][39m[0m:   	1.7.0.zip
[1m[INFO][0m:    pyjnius download already cached, skipping
[1m[INFO][0m:    [36m<- directory context /data/data/com.termux/files/home/overlord/.buildozer/android/platform/python-for-android[39m
[1m[INFO][0m:    [1m[32mDownloading setuptools[0m[39m
[1m[INFO][0m:    Skipping setuptools download as no URL is set
[1m[INFO][0m:    [1m[32mDownloading android[0m[39m
[1m[INFO][0m:    Skipping android download as no URL is set
[1m[INFO][0m:    [1m[32mDownloading kivy[0m[39m
[1m[INFO][0m:    [36m-> directory context /data/data/com.termux/files/home/overlord/.buildozer/android/platform/build-arm64-v8a_armeabi-v7a/packages/kivy[39m
[1m[90m[DEBUG][39m[0m:   [90m->[0m running basename https://github.com/kivy/kivy/archive/2.3.1.zip[0m
[1m[90m[DEBUG][39m[0m:   	2.3.1.zip
[1m[INFO][0m:    kivy download already cached, skipping
[1m[INFO][0m:    [36m<- directory context /data/data/com.termux/files/home/overlord/.buildozer/android/platform/python-for-android[39m
[1m[INFO][0m:    [1m[32m# Building all recipes for arch arm64-v8a[0m[39m
[1m[INFO][0m:    [1m[32m# Unpacking recipes[0m[39m
[1m[INFO][0m:    [1m[32mUnpacking hostpython3 for arm64-v8a[0m[39m
[1m[90m[DEBUG][39m[0m:   [90m->[0m running basename https://github.com/python/cpython/archive/refs/tags/v3.14.2.tar.gz[0m
[1m[90m[DEBUG][39m[0m:   	v3.14.2.tar.gz
[1m[INFO][0m:    [36m-> directory context /data/data/com.termux/files/home/overlord/.buildozer/android/platform/build-arm64-v8a_armeabi-v7a/build/other_builds/hostpython3/desktop[39m
[1m[INFO][0m:    hostpython3 is already unpacked, skipping
[1m[INFO][0m:    [36m<- directory context /data/data/com.termux/files/home/overlord/.buildozer/android/platform/python-for-android[39m
[1m[INFO][0m:    [1m[32mUnpacking libffi for arm64-v8a[0m[39m
[1m[90m[DEBUG][39m[0m:   [90m->[0m running basename https://github.com/libffi/libffi/archive/v3.4.2.tar.gz[0m
[1m[90m[DEBUG][39m[0m:   	v3.4.2.tar.gz
[1m[INFO][0m:    [36m-> directory context /data/data/com.termux/files/home/overlord/.buildozer/android/platform/build-arm64-v8a_armeabi-v7a/build/other_builds/libffi/arm64-v8a__ndk_target_24[39m
[1m[INFO][0m:    libffi is already unpacked, skipping
[1m[INFO][0m:    [36m<- directory context /data/data/com.termux/files/home/overlord/.buildozer/android/platform/python-for-android[39m
[1m[INFO][0m:    [1m[32mUnpacking openssl for arm64-v8a[0m[39m
[1m[90m[DEBUG][39m[0m:   [90m->[0m running basename https://www.openssl.org/source/openssl-3.3.1.tar.gz[0m
[1m[90m[DEBUG][39m[0m:   	openssl-3.3.1.tar.gz
[1m[INFO][0m:    [36m-> directory context /data/data/com.termux/files/home/overlord/.buildozer/android/platform/build-arm64-v8a_armeabi-v7a/build/other_builds/openssl/arm64-v8a__ndk_target_24[39m
[1m[INFO][0m:    openssl is already unpacked, skipping
[1m[INFO][0m:    [36m<- directory context /data/data/com.termux/files/home/overlord/.buildozer/android/platform/python-for-android[39m
[1m[INFO][0m:    [1m[32mUnpacking sdl2_image for arm64-v8a[0m[39m
[1m[90m[DEBUG][39m[0m:   [90m->[0m running basename https://github.com/libsdl-org/SDL_image/releases/download/release-2.8.2/SDL2_image-2.8.2.tar.gz[0m
[1m[90m[DEBUG][39m[0m:   	SDL2_image-2.8.2.tar.gz
[1m[INFO][0m:    [36m-> directory context /data/data/com.termux/files/home/overlord/.buildozer/android/platform/build-arm64-v8a_armeabi-v7a/build/bootstrap_builds/sdl2/jni[39m
[1m[INFO][0m:    sdl2_image is already unpacked, skipping
[1m[INFO][0m:    [36m<- directory context /data/data/com.termux/files/home/overlord/.buildozer/android/platform/python-for-android[39m
[1m[INFO][0m:    [1m[32mUnpacking sdl2_mixer for arm64-v8a[0m[39m
[1m[90m[DEBUG][39m[0m:   [90m->[0m running basename https://github.com/libsdl-org/SDL_mixer/releases/download/release-2.6.3/SDL2_mixer-2.6.3.tar.gz[0m
[1m[90m[DEBUG][39m[0m:   	SDL2_mixer-2.6.3.tar.gz
[1m[INFO][0m:    [36m-> directory context /data/data/com.termux/files/home/overlord/.buildozer/android/platform/build-arm64-v8a_armeabi-v7a/build/bootstrap_builds/sdl2/jni[39m
[1m[INFO][0m:    sdl2_mixer is already unpacked, skipping
[1m[INFO][0m:    [36m<- directory context /data/data/com.termux/files/home/overlord/.buildozer/android/platform/python-for-android[39m
[1m[INFO][0m:    [1m[32mUnpacking sdl2_ttf for arm64-v8a[0m[39m
[1m[90m[DEBUG][39m[0m:   [90m->[0m running basename https://github.com/libsdl-org/SDL_ttf/releases/download/release-2.22.0/SDL2_ttf-2.22.0.tar.gz[0m
[1m[90m[DEBUG][39m[0m:   	SDL2_ttf-2.22.0.tar.gz
[1m[INFO][0m:    [36m-> directory context /data/data/com.termux/files/home/overlord/.buildozer/android/platform/build-arm64-v8a_armeabi-v7a/build/bootstrap_builds/sdl2/jni[39m
[1m[INFO][0m:    sdl2_ttf is already unpacked, skipping
[1m[INFO][0m:    [36m<- directory context /data/data/com.termux/files/home/overlord/.buildozer/android/platform/python-for-android[39m
[1m[INFO][0m:    [1m[32mUnpacking sqlite3 for arm64-v8a[0m[39m
[1m[90m[DEBUG][39m[0m:   [90m->[0m running basename https://github.com/sqlite/sqlite/archive/refs/tags/version-3.50.4.tar.gz[0m
[1m[90m[DEBUG][39m[0m:   	version-3.50.4.tar.gz
[1m[INFO][0m:    [36m-> directory context /data/data/com.termux/files/home/overlord/.buildozer/android/platform/build-arm64-v8a_armeabi-v7a/build/other_builds/sqlite3/arm64-v8a__ndk_target_24[39m
[1m[INFO][0m:    sqlite3 is already unpacked, skipping
[1m[INFO][0m:    [36m<- directory context /data/data/com.termux/files/home/overlord/.buildozer/android/platform/python-for-android[39m
[1m[INFO][0m:    [1m[32mUnpacking python3 for arm64-v8a[0m[39m
[1m[90m[DEBUG][39m[0m:   [90m->[0m running basename https://github.com/python/cpython/archive/refs/tags/v3.14.2.tar.gz[0m
[1m[90m[DEBUG][39m[0m:   	v3.14.2.tar.gz
[1m[INFO][0m:    [36m-> directory context /data/data/com.termux/files/home/overlord/.buildozer/android/platform/build-arm64-v8a_armeabi-v7a/build/other_builds/python3/arm64-v8a__ndk_target_24[39m
[1m[INFO][0m:    python3 is already unpacked, skipping
[1m[INFO][0m:    [36m<- directory context /data/data/com.termux/files/home/overlord/.buildozer/android/platform/python-for-android[39m
[1m[INFO][0m:    [1m[32mUnpacking sdl2 for arm64-v8a[0m[39m
[1m[90m[DEBUG][39m[0m:   [90m->[0m running basename https://github.com/libsdl-org/SDL/releases/download/release-2.30.11/SDL2-2.30.11.tar.gz[0m
[1m[90m[DEBUG][39m[0m:   	SDL2-2.30.11.tar.gz
[1m[INFO][0m:    [36m-> directory context /data/data/com.termux/files/home/overlord/.buildozer/android/platform/build-arm64-v8a_armeabi-v7a/build/bootstrap_builds/sdl2/jni[39m
[1m[INFO][0m:    sdl2 is already unpacked, skipping
[1m[INFO][0m:    [36m<- directory context /data/data/com.termux/files/home/overlord/.buildozer/android/platform/python-for-android[39m
[1m[INFO][0m:    [1m[32mUnpacking pyjnius for arm64-v8a[0m[39m
[1m[90m[DEBUG][39m[0m:   [90m->[0m running basename https://github.com/kivy/pyjnius/archive/1.7.0.zip[0m
[1m[90m[DEBUG][39m[0m:   	1.7.0.zip
[1m[INFO][0m:    [36m-> directory context /data/data/com.termux/files/home/overlord/.buildozer/android/platform/build-arm64-v8a_armeabi-v7a/build/other_builds/pyjnius-sdl2/arm64-v8a__ndk_target_24[39m
[1m[INFO][0m:    pyjnius is already unpacked, skipping
[1m[INFO][0m:    [36m<- directory context /data/data/com.termux/files/home/overlord/.buildozer/android/platform/python-for-android[39m
[1m[INFO][0m:    [1m[32mUnpacking setuptools for arm64-v8a[0m[39m
[1m[INFO][0m:    Skipping setuptools unpack as no URL is set
[1m[90m[DEBUG][39m[0m:   Remove directory and subdirectory /data/data/com.termux/files/home/overlord/.buildozer/android/platform/build-arm64-v8a_armeabi-v7a/build/other_builds/android-sdl2/arm64-v8a__ndk_target_24/android
[1m[90m[DEBUG][39m[0m:   [90m->[0m running cp -a /data/data/com.termux/files/home/overlord/.buildozer/android/platform/python-for-android/pythonforandroid/recipes/android/src /data/data/com.termux/files/home/overlord/.buildozer/android/platform/build-arm64-v8a_armeabi-v7a/build/other_builds/android-sdl2/arm64-v8a__ndk_target_24/android[0m
[1m[INFO][0m:    [1m[32mUnpacking kivy for arm64-v8a[0m[39m
[1m[90m[DEBUG][39m[0m:   [90m->[0m running basename https://github.com/kivy/kivy/archive/2.3.1.zip[0m
[1m[90m[DEBUG][39m[0m:   	2.3.1.zip
[1m[INFO][0m:    [36m-> directory context /data/data/com.termux/files/home/overlord/.buildozer/android/platform/build-arm64-v8a_armeabi-v7a/build/other_builds/kivy-sdl2/arm64-v8a__ndk_target_24[39m
[1m[INFO][0m:    kivy is already unpacked, skipping
[1m[INFO][0m:    [36m<- directory context /data/data/com.termux/files/home/overlord/.buildozer/android/platform/python-for-android[39m
[1m[INFO][0m:    [1m[32m# Prebuilding recipes[0m[39m
[1m[INFO][0m:    python3 has no prebuild_arm64_v8a, skipping
[1m[INFO][0m:    [1m[32mPrebuilding hostpython3 for arm64-v8a[0m[39m
[1m[INFO][0m:    hostpython3 has no prebuild_arm64_v8a, skipping
[1m[INFO][0m:    [1m[32mApplying patches for hostpython3[arm64-v8a][0m[39m
[1m[INFO][0m:    [1m[32mhostpython3 already patched, skipping[0m[39m
[1m[INFO][0m:    [1m[32mPrebuilding libffi for arm64-v8a[0m[39m
[1m[INFO][0m:    libffi has no prebuild_arm64_v8a, skipping
[1m[INFO][0m:    [1m[32mApplying patches for libffi[arm64-v8a][0m[39m
[1m[INFO][0m:    [1m[32mlibffi already patched, skipping[0m[39m
[1m[INFO][0m:    [1m[32mPrebuilding openssl for arm64-v8a[0m[39m
[1m[INFO][0m:    openssl has no prebuild_arm64_v8a, skipping
[1m[INFO][0m:    [1m[32mPrebuilding sdl2_image for arm64-v8a[0m[39m
[1m[INFO][0m:    sdl2_image has no prebuild_arm64_v8a, skipping
[1m[INFO][0m:    [1m[32mApplying patches for sdl2_image[arm64-v8a][0m[39m
[1m[INFO][0m:    [1m[32msdl2_image already patched, skipping[0m[39m
[1m[INFO][0m:    [1m[32mPrebuilding sdl2_mixer for arm64-v8a[0m[39m
[1m[INFO][0m:    sdl2_mixer has no prebuild_arm64_v8a, skipping
[1m[INFO][0m:    [1m[32mPrebuilding sdl2_ttf for arm64-v8a[0m[39m
[1m[INFO][0m:    sdl2_ttf has no prebuild_arm64_v8a, skipping
[1m[INFO][0m:    [1m[32mPrebuilding sqlite3 for arm64-v8a[0m[39m
[1m[INFO][0m:    sqlite3 has no prebuild_arm64_v8a, skipping
[1m[INFO][0m:    [1m[32mPrebuilding python3 for arm64-v8a[0m[39m
[1m[INFO][0m:    python3 has no prebuild_arm64_v8a, skipping
[1m[INFO][0m:    [1m[32mApplying patches for python3[arm64-v8a][0m[39m
[1m[INFO][0m:    [1m[32mpython3 already patched, skipping[0m[39m
[1m[INFO][0m:    [1m[32mPrebuilding sdl2 for arm64-v8a[0m[39m
[1m[INFO][0m:    sdl2 has no prebuild_arm64_v8a, skipping
[1m[INFO][0m:    [1m[32mPrebuilding pyjnius for arm64-v8a[0m[39m
[1m[INFO][0m:    pyjnius has no prebuild_arm64_v8a, skipping
[1m[INFO][0m:    [1m[32mApplying patches for pyjnius[arm64-v8a][0m[39m
[1m[INFO][0m:    [1m[32mpyjnius already patched, skipping[0m[39m
[1m[INFO][0m:    [1m[32mPrebuilding setuptools for arm64-v8a[0m[39m
[1m[INFO][0m:    setuptools has no prebuild_arm64_v8a, skipping
[1m[INFO][0m:    [1m[32mPrebuilding android for arm64-v8a[0m[39m
[1m[INFO][0m:    android has no prebuild_arm64_v8a, skipping
[1m[INFO][0m:    [36m-> directory context /data/data/com.termux/files/home/overlord/.buildozer/android/platform/build-arm64-v8a_armeabi-v7a/build/other_builds/android-sdl2/arm64-v8a__ndk_target_24/android[39m
[1m[INFO][0m:    [36m<- directory context /data/data/com.termux/files/home/overlord/.buildozer/android/platform/python-for-android[39m
[1m[INFO][0m:    [1m[32mPrebuilding kivy for arm64-v8a[0m[39m
[1m[INFO][0m:    kivy has no prebuild_arm64_v8a, skipping
[1m[INFO][0m:    [1m[32mApplying patches for kivy[arm64-v8a][0m[39m
[1m[INFO][0m:    [1m[32mkivy already patched, skipping[0m[39m
[1m[INFO][0m:    [1m[32m# Building recipes[0m[39m
[1m[INFO][0m:    [1m[32mBuilding hostpython3 for arm64-v8a[0m[39m
[1m[INFO][0m:    hostpython3 said it is already built, skipping
[1m[INFO][0m:    [1m[32mBuilding libffi for arm64-v8a[0m[39m
[1m[INFO][0m:    libffi said it is already built, skipping
[1m[90m[DEBUG][39m[0m:   [90m->[0m running cp /data/data/com.termux/files/home/overlord/.buildozer/android/platform/build-arm64-v8a_armeabi-v7a/build/other_builds/libffi/arm64-v8a__ndk_target_24/libffi/.libs/libffi.so /data/data/com.termux/files/home/overlord/.buildozer/android/platform/build-arm64-v8a_armeabi-v7a/build/libs_collections/myapp/arm64-v8a[0m
[1m[INFO][0m:    [1m[32mBuilding openssl for arm64-v8a[0m[39m
[1m[INFO][0m:    openssl said it is already built, skipping
[1m[90m[DEBUG][39m[0m:   [90m->[0m running cp /data/data/com.termux/files/home/overlord/.buildozer/android/platform/build-arm64-v8a_armeabi-v7a/build/other_builds/openssl/arm64-v8a__ndk_target_24/openssl3/libssl.so /data/data/com.termux/files/home/overlord/.buildozer/android/platform/build-arm64-v8a_armeabi-v7a/build/other_builds/openssl/arm64-v8a__ndk_target_24/openssl3/libcrypto.so /data/data/com.termux/files/home/overlord/.buildozer/android/platform/build-arm64-v8a_armeabi-v7a/build/libs_collections/myapp/arm64-v8a[0m
[1m[INFO][0m:    [1m[32mBuilding sdl2_image for arm64-v8a[0m[39m
[1m[INFO][0m:    [1m[32mBuilding sdl2_mixer for arm64-v8a[0m[39m
[1m[INFO][0m:    [1m[32mBuilding sdl2_ttf for arm64-v8a[0m[39m
[1m[INFO][0m:    [1m[32mBuilding sqlite3 for arm64-v8a[0m[39m
[1m[INFO][0m:    [36m-> directory context /data/data/com.termux/files/home/overlord/.buildozer/android/platform/build-arm64-v8a_armeabi-v7a/build/other_builds/sqlite3/arm64-v8a__ndk_target_24/sqlite3[39m
[1m[90m[DEBUG][39m[0m:   [90m->[0m running configure --disable-tcl --host=aarch64-linux-android --prefix=/data/data/com.termux/files/home/overlord/.buildozer/android/platform/build-arm64-v8a_armeabi-v7a/build/other_builds/sqlite3/arm64-v8a__ndk_target_24/sqlite3[0m
Traceback (most recent call last):
  File "<frozen runpy>", line 203, in _run_module_as_main
  File "<frozen runpy>", line 88, in _run_code
  File "/data/data/com.termux/files/home/overlord/.buildozer/android/platform/python-for-android/pythonforandroid/toolchain.py", line 1290, in <module>
    main()
    ~~~~^^
  File "/data/data/com.termux/files/home/overlord/.buildozer/android/platform/python-for-android/pythonforandroid/entrypoints.py", line 18, in main
    ToolchainCL()
    ~~~~~~~~~~~^^
  File "/data/data/com.termux/files/home/overlord/.buildozer/android/platform/python-for-android/pythonforandroid/toolchain.py", line 721, in __init__
    getattr(self, command)(args)
    ~~~~~~~~~~~~~~~~~~~~~~^^^^^^
  File "/data/data/com.termux/files/home/overlord/.buildozer/android/platform/python-for-android/pythonforandroid/toolchain.py", line 104, in wrapper_func
    build_dist_from_args(ctx, dist, args)
    ~~~~~~~~~~~~~~~~~~~~^^^^^^^^^^^^^^^^^
  File "/data/data/com.termux/files/home/overlord/.buildozer/android/platform/python-for-android/pythonforandroid/toolchain.py", line 163, in build_dist_from_args
    build_recipes(build_order, python_modules, ctx,
    ~~~~~~~~~~~~~^^^^^^^^^^^^^^^^^^^^^^^^^^^^^^^^^^
                  getattr(args, "private", None),
                  ^^^^^^^^^^^^^^^^^^^^^^^^^^^^^^^
    ...<2 lines>...
                  ),
                  ^^
                 )
                 ^
  File "/data/data/com.termux/files/home/overlord/.buildozer/android/platform/python-for-android/pythonforandroid/build.py", line 530, in build_recipes
    recipe.build_arch(arch)
    ~~~~~~~~~~~~~~~~~^^^^^^
  File "/data/data/com.termux/files/home/overlord/.buildozer/android/platform/python-for-android/pythonforandroid/recipes/sqlite3/__init__.py", line 23, in build_arch
    shprint(configure, *config_args, _env=env)
    ~~~~~~~^^^^^^^^^^^^^^^^^^^^^^^^^^^^^^^^^^^
  File "/data/data/com.termux/files/home/overlord/.buildozer/android/platform/python-for-android/pythonforandroid/logger.py", line 173, in shprint
    output = command(*args, **kwargs)
  File "/data/data/com.termux/files/usr/lib/python3.14/site-packages/sh/__init__.py", line 1573, in __call__
    rc = self.__class__.RunningCommandCls(cmd, call_args, stdin, stdout, stderr)
  File "/data/data/com.termux/files/usr/lib/python3.14/site-packages/sh/__init__.py", line 714, in __init__
    self.process = OProc(
                   ~~~~~^
        self,
        ^^^^^
    ...<7 lines>...
        process_assign_lock,
        ^^^^^^^^^^^^^^^^^^^^
    )
    ^
  File "/data/data/com.termux/files/usr/lib/python3.14/site-packages/sh/__init__.py", line 2232, in __init__
    raise ForkException(fork_exc)
sh.ForkException: 

Original exception:
===================

    Traceback (most recent call last):
      File "/data/data/com.termux/files/usr/lib/python3.14/site-packages/sh/__init__.py", line 2187, in __init__
        os.execve(bytes_cmd[0], bytes_cmd, ca["env"])
        ~~~~~~~~~^^^^^^^^^^^^^^^^^^^^^^^^^^^^^^^^^^^^
    FileNotFoundError: [Errno 2] No such file or directory: b'/data/data/com.termux/files/home/overlord/.buildozer/android/platform/build-arm64-v8a_armeabi-v7a/build/other_builds/sqlite3/arm64-v8a__ndk_target_24/sqlite3/configure'


# Command failed: ('/data/data/com.termux/files/usr/bin/python3.14', '-m', 'pythonforandroid.toolchain', 'create', '--dist_name=myapp', '--bootstrap=sdl2', '--requirements=python3,kivy', '--arch=arm64-v8a', '--arch=armeabi-v7a', '--copy-libs', '--color=always', '--storage-dir=/data/data/com.termux/files/home/overlord/.buildozer/android/platform/build-arm64-v8a_armeabi-v7a', '--ndk-api=24', '--ignore-setup-py', '--debug')
# Error code: 1
# ENVIRONMENT:
#     SHELL = '/data/data/com.termux/files/usr/bin/bash'
#     COLORTERM = 'truecolor'
#     HISTCONTROL = 'ignoreboth'
#     PREFIX = '/data/data/com.termux/files/usr'
#     JAVA_HOME = '/data/data/com.termux/files/usr/lib/jvm/java-17-openjdk/'
#     SHELL_CMD__RUNNER_NAME = 'terminal-session'
#     TERMUX_APP__PACKAGE_NAME = 'com.termux'
#     TERMUX_APP__IS_INSTALLED_ON_EXTERNAL_STORAGE = 'false'
#     PWD = '/data/data/com.termux/files/home/overlord'
#     TERMUX__HOME = '/data/data/com.termux/files/home'
#     ANDROIDNDK = '/data/data/com.termux/files/home/.buildozer/android/platform/android-ndk-r28c'
#     TERMUX_VERSION = '0.119.0-beta.3'
#     TERMUX_APP__SE_INFO = 'default:targetSdkVersion=28:complete'
#     TERMUX__ROOTFS_DIR = '/data/data/com.termux/files'
#     SYSTEMSERVERCLASSPATH = '/system/framework/com.android.location.provider.jar:/system/framework/services.jar:/system_ext/framework/unisoc-services.jar:/system_ext/framework/unipnp-services.jar:/system_ext/framework/unipnp-features.jar:/system_ext/framework/ultra-services.jar:/apex/com.android.adservices/javalib/service-adservices.jar:/apex/com.android.adservices/javalib/service-sdksandbox.jar:/apex/com.android.appsearch/javalib/service-appsearch.jar:/apex/com.android.art/javalib/service-art.jar:/apex/com.android.compos/javalib/service-compos.jar:/apex/com.android.configinfrastructure/javalib/service-configinfrastructure.jar:/apex/com.android.healthfitness/javalib/service-healthfitness.jar:/apex/com.android.media/javalib/service-media-s.jar:/apex/com.android.ondevicepersonalization/javalib/service-ondevicepersonalization.jar:/apex/com.android.permission/javalib/service-permission.jar:/apex/com.android.rkpd/javalib/service-rkp.jar:/apex/com.android.virt/javalib/service-virtualization.jar'
#     EXTERNAL_STORAGE = '/storage/self/primary'
#     LD_PRELOAD = '/data/data/com.termux/files/usr/lib/libtermux-exec-ld-preload.so'
#     HOME = '/data/data/com.termux/files/home'
#     LANG = 'en_US.UTF-8'
#     TERMUX_APP__PID = '21589'
#     TERMUX_APP__APP_VERSION_NAME = '0.119.0-beta.3'
#     DEX2OATBOOTCLASSPATH = '/apex/com.android.art/javalib/core-oj.jar:/apex/com.android.art/javalib/core-libart.jar:/apex/com.android.art/javalib/okhttp.jar:/apex/com.android.art/javalib/bouncycastle.jar:/apex/com.android.art/javalib/apache-xml.jar:/system/framework/framework.jar:/system/framework/framework-graphics.jar:/system/framework/framework-location.jar:/system/framework/ext.jar:/system/framework/telephony-common.jar:/system/framework/voip-common.jar:/system/framework/ims-common.jar:/system/framework/radio_interactor_common.jar:/system/framework/unisoc_ims_common.jar:/system/framework/miframework.jar:/system/framework/subsys-framework.jar:/system/framework/vendor-telephony-framework.jar:/system/framework/ToolsManager-aidl.jar:/system_ext/framework/unisoc-framework.jar:/system_ext/framework/unipnp-framework.jar:/system_ext/framework/ultra-framework.jar:/apex/com.android.i18n/javalib/core-icu4j.jar'
#     TMPDIR = '/data/data/com.termux/files/usr/tmp'
#     ANDROID_DATA = '/data'
#     TERMUX__APPS_DIR = '/data/user/0/com.termux/termux/apps'
#     SHELL_CMD__SHELL_ID = '1'
#     TERMUX__PREFIX = '/data/data/com.termux/files/usr'
#     TERMUX_APP__SE_FILE_CONTEXT = 'u:object_r:app_data_file:s0:c244,c257,c512,c768'
#     ANDROID_STORAGE = '/storage'
#     TERM = 'xterm-256color'
#     TERMUX_APP__IS_DEBUGGABLE_BUILD = 'false'
#     TERMUX_APP__APP_VERSION_CODE = '1022'
#     ASEC_MOUNTPOINT = '/mnt/asec'
#     TERMUX_APP__LEGACY_DATA_DIR = '/data/data/com.termux'
#     TEMP = '/data/data/com.termux/files/usr/tmp'
#     ANDROID_I18N_ROOT = '/apex/com.android.i18n'
#     SHLVL = '1'
#     SHELL_CMD__APP_TERMINAL_SESSION_NUMBER_SINCE_APP_START = '0'
#     ANDROID__BUILD_VERSION_SDK = '35'
#     ANDROID_ROOT = '/system'
#     BOOTCLASSPATH = '/apex/com.android.art/javalib/core-oj.jar:/apex/com.android.art/javalib/core-libart.jar:/apex/com.android.art/javalib/okhttp.jar:/apex/com.android.art/javalib/bouncycastle.jar:/apex/com.android.art/javalib/apache-xml.jar:/system/framework/framework.jar:/system/framework/framework-graphics.jar:/system/framework/framework-location.jar:/system/framework/ext.jar:/system/framework/telephony-common.jar:/system/framework/voip-common.jar:/system/framework/ims-common.jar:/system/framework/radio_interactor_common.jar:/system/framework/unisoc_ims_common.jar:/system/framework/miframework.jar:/system/framework/subsys-framework.jar:/system/framework/vendor-telephony-framework.jar:/system/framework/ToolsManager-aidl.jar:/system_ext/framework/unisoc-framework.jar:/system_ext/framework/unipnp-framework.jar:/system_ext/framework/ultra-framework.jar:/apex/com.android.i18n/javalib/core-icu4j.jar:/apex/com.android.adservices/javalib/framework-adservices.jar:/apex/com.android.adservices/javalib/framework-sdksandbox.jar:/apex/com.android.appsearch/javalib/framework-appsearch.jar:/apex/com.android.btservices/javalib/framework-bluetooth.jar:/apex/com.android.configinfrastructure/javalib/framework-configinfrastructure.jar:/apex/com.android.conscrypt/javalib/conscrypt.jar:/apex/com.android.devicelock/javalib/framework-devicelock.jar:/apex/com.android.healthfitness/javalib/framework-healthfitness.jar:/apex/com.android.ipsec/javalib/android.net.ipsec.ike.jar:/apex/com.android.media/javalib/updatable-media.jar:/apex/com.android.mediaprovider/javalib/framework-mediaprovider.jar:/apex/com.android.mediaprovider/javalib/framework-pdf.jar:/apex/com.android.mediaprovider/javalib/framework-pdf-v.jar:/apex/com.android.mediaprovider/javalib/framework-photopicker.jar:/apex/com.android.nfcservices/javalib/framework-nfc.jar:/apex/com.android.ondevicepersonalization/javalib/framework-ondevicepersonalization.jar:/apex/com.android.os.statsd/javalib/framework-statsd.jar:/apex/com.android.permission/javalib/framework-permission.jar:/apex/com.android.permission/javalib/framework-permission-s.jar:/apex/com.android.profiling/javalib/framework-profiling.jar:/apex/com.android.scheduling/javalib/framework-scheduling.jar:/apex/com.android.sdkext/javalib/framework-sdkextensions.jar:/apex/com.android.tethering/javalib/framework-connectivity.jar:/apex/com.android.tethering/javalib/framework-connectivity-t.jar:/apex/com.android.tethering/javalib/framework-tethering.jar:/apex/com.android.uwb/javalib/framework-uwb.jar:/apex/com.android.virt/javalib/framework-virtualization.jar:/apex/com.android.wifi/javalib/framework-wifi.jar'
#     TERMUX_APP__APK_RELEASE = 'F_DROID'
#     ANDROID_TZDATA_ROOT = '/apex/com.android.tzdata'
#     TERMUX__SE_PROCESS_CONTEXT = 'u:r:untrusted_app_27:s0:c244,c257,c512,c768'
#     SHELL_CMD__PACKAGE_NAME = 'com.termux'
#     TMP = '/data/data/com.termux/files/usr/tmp'
#     PATH = '/data/data/com.termux/files/usr/bin:/data/data/com.termux/files/usr/bin:/data/data/com.termux/files/usr/bin:/data/data/com.termux/files/usr/bin:/data/data/com.termux/files/usr/bin:/data/data/com.termux/files/home/.buildozer/android/platform/android-ndk-r28c/toolchains/llvm/prebuilt/linux-x86_64/bin:/data/data/com.termux/files/usr/bin:/data/data/com.termux/files/usr/bin'
#     TERMUX_APP__DATA_DIR = '/data/user/0/com.termux'
#     ANDROID_ART_ROOT = '/apex/com.android.art'
#     TERMUX_APP__TARGET_SDK = '28'
#     TERMUX__UID = '10500'
#     TERMUX_APP__APK_FILE = '/data/app/~~6ZdMYAZ-gzKlTDTz2Mj0Sw==/com.termux-PdO_bX4eiSOqlDF71pqBFQ==/base.apk'
#     TERMUX__USER_ID = '0'
#     ANDROID_ASSETS = '/system/app'
#     OLDPWD = '/data/data/com.termux/files/home/overlord'
#     SHELL_CMD__APP_TERMINAL_SESSION_NUMBER_SINCE_BOOT = '1'
#     _ = '/data/data/com.termux/files/usr/bin/buildozer'
#     PACKAGES_PATH = '/data/data/com.termux/files/home/.buildozer/android/packages'
#     ANDROIDSDK = '/data/data/com.termux/files/home/.buildozer/android/platform/android-sdk'
#     ANDROIDAPI = '33'
#     ANDROIDMINAPI = '24'
# 
# Buildozer failed to execute the last command
# The error might be hidden in the log above this error
# Please read the full log, and search for it before
# raising an issue with buildozer itself.
# In case of a bug report, please add a full log with log_level = 2
